[2026-09-29T19:31:13.858+0000] {manager.py:483} INFO - Processing files using up to 2 processes at a time 
[2026-09-29T19:31:13.858+0000] {manager.py:484} INFO - Process each file at most once every 30 seconds
[2026-09-29T19:31:13.858+0000] {manager.py:485} INFO - Checking for new files in /opt/airflow/dags every 300 seconds
[2026-09-29T19:31:13.858+0000] {manager.py:821} INFO - Searching for files in /opt/airflow/dags
[2026-09-29T19:31:13.859+0000] {manager.py:824} INFO - There are 0 files in /opt/airflow/dags
[2026-09-29T19:36:14.664+0000] {manager.py:821} INFO - Searching for files in /opt/airflow/dags
[2026-09-29T19:36:14.665+0000] {manager.py:824} INFO - There are 0 files in /opt/airflow/dags
[2026-09-29T19:41:15.241+0000] {manager.py:821} INFO - Searching for files in /opt/airflow/dags
[2026-09-29T19:41:15.242+0000] {manager.py:824} INFO - There are 0 files in /opt/airflow/dags
[2026-09-29T19:46:15.893+0000] {manager.py:821} INFO - Searching for files in /opt/airflow/dags
[2026-09-29T19:46:15.896+0000] {manager.py:824} INFO - There are 0 files in /opt/airflow/dags
[2026-09-29T19:51:16.492+0000] {manager.py:821} INFO - Searching for files in /opt/airflow/dags
[2026-09-29T19:51:16.493+0000] {manager.py:824} INFO - There are 0 files in /opt/airflow/dags
[2026-09-29T19:56:19.389+0000] {manager.py:821} INFO - Searching for files in /opt/airflow/dags
[2026-09-29T19:56:19.391+0000] {manager.py:824} INFO - There are 0 files in /opt/airflow/dags
[2026-09-29T20:01:20.260+0000] {manager.py:821} INFO - Searching for files in /opt/airflow/dags
[2026-09-29T20:01:20.262+0000] {manager.py:824} INFO - There are 0 files in /opt/airflow/dags
[2026-09-29T20:06:20.654+0000] {manager.py:821} INFO - Searching for files in /opt/airflow/dags
[2026-09-29T20:06:20.655+0000] {manager.py:824} INFO - There are 0 files in /opt/airflow/dags
[2026-09-29T20:11:21.047+0000] {manager.py:821} INFO - Searching for files in /opt/airflow/dags
[2026-09-29T20:11:21.048+0000] {manager.py:824} INFO - There are 0 files in /opt/airflow/dags
[2026-09-29T20:16:21.650+0000] {manager.py:821} INFO - Searching for files in /opt/airflow/dags
[2026-09-29T20:16:21.651+0000] {manager.py:824} INFO - There are 0 files in /opt/airflow/dags
[2026-09-29T20:21:22.047+0000] {manager.py:821} INFO - Searching for files in /opt/airflow/dags
[2026-09-29T20:21:22.049+0000] {manager.py:824} INFO - There are 0 files in /opt/airflow/dags
[2026-09-29T20:26:22.919+0000] {manager.py:821} INFO - Searching for files in /opt/airflow/dags
[2026-09-29T20:26:22.920+0000] {manager.py:824} INFO - There are 0 files in /opt/airflow/dags
[2026-09-29T20:31:22.928+0000] {manager.py:821} INFO - Searching for files in /opt/airflow/dags
[2026-09-29T20:31:22.929+0000] {manager.py:824} INFO - There are 0 files in /opt/airflow/dags
[2026-09-29T20:36:23.440+0000] {manager.py:821} INFO - Searching for files in /opt/airflow/dags
[2026-09-29T20:36:23.442+0000] {manager.py:824} INFO - There are 0 files in /opt/airflow/dags
[2026-09-29T20:41:23.813+0000] {manager.py:821} INFO - Searching for files in /opt/airflow/dags
[2026-09-29T20:41:23.814+0000] {manager.py:824} INFO - There are 0 files in /opt/airflow/dags
[2026-09-29T20:46:23.893+0000] {manager.py:821} INFO - Searching for files in /opt/airflow/dags
[2026-09-29T20:46:23.894+0000] {manager.py:824} INFO - There are 0 files in /opt/airflow/dags
[2026-09-29T20:51:24.315+0000] {manager.py:821} INFO - Searching for files in /opt/airflow/dags
[2026-09-29T20:51:24.317+0000] {manager.py:824} INFO - There are 0 files in /opt/airflow/dags
[2026-09-29T20:56:25.975+0000] {manager.py:821} INFO - Searching for files in /opt/airflow/dags
[2026-09-29T20:56:25.977+0000] {manager.py:824} INFO - There are 0 files in /opt/airflow/dags
[2026-09-29T21:01:26.484+0000] {manager.py:821} INFO - Searching for files in /opt/airflow/dags
[2026-09-29T21:01:26.502+0000] {manager.py:824} INFO - There are 0 files in /opt/airflow/dags
[2026-09-29T21:06:26.485+0000] {manager.py:821} INFO - Searching for files in /opt/airflow/dags
[2026-09-29T21:06:26.486+0000] {manager.py:824} INFO - There are 0 files in /opt/airflow/dags
[2026-09-29T21:11:27.148+0000] {manager.py:821} INFO - Searching for files in /opt/airflow/dags
[2026-09-29T21:11:27.151+0000] {manager.py:824} INFO - There are 0 files in /opt/airflow/dags
[2026-09-29T21:16:27.212+0000] {manager.py:821} INFO - Searching for files in /opt/airflow/dags
[2026-09-29T21:16:27.213+0000] {manager.py:824} INFO - There are 0 files in /opt/airflow/dags
[2026-09-29T21:21:29.588+0000] {manager.py:821} INFO - Searching for files in /opt/airflow/dags
[2026-09-29T21:21:29.589+0000] {manager.py:824} INFO - There are 0 files in /opt/airflow/dags
[2026-09-29T21:26:30.018+0000] {manager.py:821} INFO - Searching for files in /opt/airflow/dags
[2026-09-29T21:26:30.020+0000] {manager.py:824} INFO - There are 0 files in /opt/airflow/dags
[2026-09-29T21:31:30.153+0000] {manager.py:821} INFO - Searching for files in /opt/airflow/dags
[2026-09-29T21:31:30.154+0000] {manager.py:824} INFO - There are 0 files in /opt/airflow/dags
[2026-09-29T21:36:32.952+0000] {manager.py:821} INFO - Searching for files in /opt/airflow/dags
[2026-09-29T21:36:32.953+0000] {manager.py:824} INFO - There are 0 files in /opt/airflow/dags
[2026-09-29T21:41:33.791+0000] {manager.py:821} INFO - Searching for files in /opt/airflow/dags
[2026-09-29T21:41:33.793+0000] {manager.py:824} INFO - There are 0 files in /opt/airflow/dags
[2026-09-29T21:47:23.467+0000] {manager.py:821} INFO - Searching for files in /opt/airflow/dags
[2026-09-29T21:47:23.468+0000] {manager.py:824} INFO - There are 0 files in /opt/airflow/dags
[2026-09-29T22:39:33.890+0000] {manager.py:821} INFO - Searching for files in /opt/airflow/dags
[2026-09-29T22:39:33.890+0000] {manager.py:824} INFO - There are 0 files in /opt/airflow/dags
[2026-09-29T22:44:34.214+0000] {manager.py:821} INFO - Searching for files in /opt/airflow/dags
[2026-09-29T22:44:34.216+0000] {manager.py:824} INFO - There are 0 files in /opt/airflow/dags
[2026-09-29T22:49:34.558+0000] {manager.py:821} INFO - Searching for files in /opt/airflow/dags
[2026-09-29T22:49:34.559+0000] {manager.py:824} INFO - There are 0 files in /opt/airflow/dags
[2026-09-29T22:54:34.673+0000] {manager.py:821} INFO - Searching for files in /opt/airflow/dags
[2026-09-29T22:54:34.674+0000] {manager.py:824} INFO - There are 0 files in /opt/airflow/dags
[2026-09-29T22:59:35.606+0000] {manager.py:821} INFO - Searching for files in /opt/airflow/dags
[2026-09-29T22:59:35.608+0000] {manager.py:824} INFO - There are 0 files in /opt/airflow/dags
[2026-09-29T23:04:35.839+0000] {manager.py:821} INFO - Searching for files in /opt/airflow/dags
[2026-09-29T23:04:35.842+0000] {manager.py:824} INFO - There are 0 files in /opt/airflow/dags
[2026-09-29T23:09:36.722+0000] {manager.py:821} INFO - Searching for files in /opt/airflow/dags
[2026-09-29T23:09:36.724+0000] {manager.py:824} INFO - There are 0 files in /opt/airflow/dags
[2026-09-29T23:14:37.517+0000] {manager.py:821} INFO - Searching for files in /opt/airflow/dags
[2026-09-29T23:14:37.518+0000] {manager.py:824} INFO - There are 0 files in /opt/airflow/dags
[2026-09-29T23:19:37.772+0000] {manager.py:821} INFO - Searching for files in /opt/airflow/dags
[2026-09-29T23:19:37.791+0000] {manager.py:824} INFO - There are 0 files in /opt/airflow/dags
[2026-09-29T23:24:37.996+0000] {manager.py:821} INFO - Searching for files in /opt/airflow/dags
[2026-09-29T23:24:37.997+0000] {manager.py:824} INFO - There are 0 files in /opt/airflow/dags
[2026-09-29T23:29:38.996+0000] {manager.py:821} INFO - Searching for files in /opt/airflow/dags
[2026-09-29T23:29:38.997+0000] {manager.py:824} INFO - There are 0 files in /opt/airflow/dags
[2026-09-29T23:34:39.183+0000] {manager.py:821} INFO - Searching for files in /opt/airflow/dags
[2026-09-29T23:34:39.184+0000] {manager.py:824} INFO - There are 0 files in /opt/airflow/dags
[2026-09-29T23:39:39.760+0000] {manager.py:821} INFO - Searching for files in /opt/airflow/dags
[2026-09-29T23:39:39.761+0000] {manager.py:824} INFO - There are 0 files in /opt/airflow/dags
[2026-09-29T23:44:40.571+0000] {manager.py:821} INFO - Searching for files in /opt/airflow/dags
[2026-09-29T23:44:40.574+0000] {manager.py:824} INFO - There are 0 files in /opt/airflow/dags
[2026-09-29T23:49:40.639+0000] {manager.py:821} INFO - Searching for files in /opt/airflow/dags
[2026-09-29T23:49:40.641+0000] {manager.py:824} INFO - There are 0 files in /opt/airflow/dags
[2026-09-29T23:54:41.446+0000] {manager.py:821} INFO - Searching for files in /opt/airflow/dags
[2026-09-29T23:54:41.447+0000] {manager.py:824} INFO - There are 0 files in /opt/airflow/dags
[2026-09-29T23:59:41.632+0000] {manager.py:821} INFO - Searching for files in /opt/airflow/dags
[2026-09-29T23:59:41.633+0000] {manager.py:824} INFO - There are 0 files in /opt/airflow/dags
[2026-09-30T00:04:41.944+0000] {manager.py:821} INFO - Searching for files in /opt/airflow/dags
[2026-09-30T00:04:41.961+0000] {manager.py:824} INFO - There are 0 files in /opt/airflow/dags
[2026-09-30T00:09:42.551+0000] {manager.py:821} INFO - Searching for files in /opt/airflow/dags
[2026-09-30T00:09:42.553+0000] {manager.py:824} INFO - There are 0 files in /opt/airflow/dags
[2026-09-30T00:14:42.708+0000] {manager.py:821} INFO - Searching for files in /opt/airflow/dags
[2026-09-30T00:14:42.710+0000] {manager.py:824} INFO - There are 0 files in /opt/airflow/dags
[2026-09-30T00:19:43.441+0000] {manager.py:821} INFO - Searching for files in /opt/airflow/dags
[2026-09-30T00:19:43.443+0000] {manager.py:824} INFO - There are 0 files in /opt/airflow/dags
[2026-09-30T00:22:37.617+0000] {manager.py:465} INFO - Exiting gracefully upon receiving signal 15
[2026-09-30T00:38:03.586+0000] {manager.py:483} INFO - Processing files using up to 2 processes at a time 
[2026-09-30T00:38:03.587+0000] {manager.py:484} INFO - Process each file at most once every 30 seconds
[2026-09-30T00:38:03.587+0000] {manager.py:485} INFO - Checking for new files in /opt/airflow/dags every 300 seconds
[2026-09-30T00:38:03.587+0000] {manager.py:821} INFO - Searching for files in /opt/airflow/dags
[2026-09-30T00:38:03.588+0000] {manager.py:824} INFO - There are 0 files in /opt/airflow/dags
[2026-09-30T00:50:47.802+0000] {manager.py:483} INFO - Processing files using up to 2 processes at a time 
[2026-09-30T00:50:47.802+0000] {manager.py:484} INFO - Process each file at most once every 30 seconds
[2026-09-30T00:50:47.802+0000] {manager.py:485} INFO - Checking for new files in /opt/airflow/dags every 300 seconds
[2026-09-30T00:50:47.803+0000] {manager.py:821} INFO - Searching for files in /opt/airflow/dags
[2026-09-30T00:50:47.803+0000] {manager.py:824} INFO - There are 0 files in /opt/airflow/dags
[2026-09-30T00:55:48.692+0000] {manager.py:821} INFO - Searching for files in /opt/airflow/dags
[2026-09-30T00:55:48.692+0000] {manager.py:824} INFO - There are 0 files in /opt/airflow/dags
[2026-09-30T01:00:49.631+0000] {manager.py:821} INFO - Searching for files in /opt/airflow/dags
[2026-09-30T01:00:49.631+0000] {manager.py:824} INFO - There are 0 files in /opt/airflow/dags
[2026-09-30T01:05:51.448+0000] {manager.py:821} INFO - Searching for files in /opt/airflow/dags
[2026-09-30T01:05:51.449+0000] {manager.py:824} INFO - There are 0 files in /opt/airflow/dags
[2026-09-30T01:10:52.288+0000] {manager.py:821} INFO - Searching for files in /opt/airflow/dags
[2026-09-30T01:10:52.289+0000] {manager.py:824} INFO - There are 0 files in /opt/airflow/dags
[2026-09-30T01:15:55.457+0000] {manager.py:821} INFO - Searching for files in /opt/airflow/dags
[2026-09-30T01:15:55.460+0000] {manager.py:824} INFO - There are 0 files in /opt/airflow/dags
[2026-09-30T01:20:56.403+0000] {manager.py:821} INFO - Searching for files in /opt/airflow/dags
[2026-09-30T01:20:56.404+0000] {manager.py:824} INFO - There are 0 files in /opt/airflow/dags
[2026-09-30T01:25:57.084+0000] {manager.py:821} INFO - Searching for files in /opt/airflow/dags
[2026-09-30T01:25:57.086+0000] {manager.py:824} INFO - There are 0 files in /opt/airflow/dags
[2026-09-30T01:30:57.699+0000] {manager.py:821} INFO - Searching for files in /opt/airflow/dags
[2026-09-30T01:30:57.701+0000] {manager.py:824} INFO - There are 0 files in /opt/airflow/dags
[2026-09-30T01:35:58.093+0000] {manager.py:821} INFO - Searching for files in /opt/airflow/dags
[2026-09-30T01:35:58.095+0000] {manager.py:824} INFO - There are 0 files in /opt/airflow/dags
[2026-09-30T01:40:58.462+0000] {manager.py:821} INFO - Searching for files in /opt/airflow/dags
[2026-09-30T01:40:58.463+0000] {manager.py:824} INFO - There are 0 files in /opt/airflow/dags
[2026-09-30T01:45:59.159+0000] {manager.py:821} INFO - Searching for files in /opt/airflow/dags
[2026-09-30T01:45:59.161+0000] {manager.py:824} INFO - There are 0 files in /opt/airflow/dags
